// Jest Snapshot v1, https://goo.gl/fbAQLP

exports[`<App /> snapshot 1`] = `
<App>
  <div
    className="App"
  >
    <h1>
      Hello World
    </h1>
    <p>
      Lorem ipsum dolor sit amet, consectetur adipiscing elit.
    </p>
    <Button>
      <button
        type="submit"
      >
        Button
      </button>
    </Button>
  </div>
</App>
`;
